-- Q 1
-- 1: ONE
BEGIN;
EXPLAIN (ANALYZE, BUFFERS)
SELECT ONE;
COMMIT;
