-- Q 1
-- 1: ONE
BEGIN;
EXPLAIN
SELECT ONE;
COMMIT;
